stdout of test 'datacell99` in directory 'sql/backends/monet5/datacell` itself:


# 20:48:37 >  
# 20:48:37 >  "mserver5" "--debug=10" "--set" "gdk_nr_threads=0" "--set" "mapi_open=true" "--set" "mapi_port=31907" "--set" "mapi_usock=/var/tmp/mtest-7013/.s.monetdb.31907" "--set" "monet_prompt=" "--forcemito" "--set" "mal_listing=2" "--dbpath=/export/scratch1/mk/current//Linux/var/MonetDB/mTests_sql_backends_monet5_datacell" "--set" "mal_listing=0"
# 20:48:37 >  

# MonetDB 5 server v11.18.0
# This is an unreleased version
# Serving database 'mTests_sql_backends_monet5_datacell', using 8 threads
# Compiled for x86_64-unknown-linux-gnu/64bit with 64bit OIDs dynamically linked
# Found 15.591 GiB available main-memory.
# Copyright (c) 1993-July 2008 CWI.
# Copyright (c) August 2008-2014 MonetDB B.V., all rights reserved
# Visit http://www.monetdb.org/ for further information
# Listening for connection requests on mapi:monetdb://vienna.ins.cwi.nl:31907/
# Listening for UNIX domain connection requests on mapi:monetdb:///var/tmp/mtest-7013/.s.monetdb.31907
# MonetDB/GIS module loaded
# MonetDB/JAQL module loaded
# MonetDB/SQL module loaded
# MonetDB/DataCell loaded

Ready.

# 20:48:37 >  
# 20:48:37 >  "mclient" "-lsql" "-ftest" "-Eutf-8" "-i" "-e" "--host=/var/tmp/mtest-7013" "--port=31907"
# 20:48:37 >  

#drop procedure datacell.transport;
#drop table datacell.X;
#drop table datacell.Y;

# 20:48:37 >  
# 20:48:37 >  "Done."
# 20:48:37 >  

