stdout of test 'ID.996570` in directory 'monetdb5/tests/BugsViaSourgeforce` itself:


# 17:00:22 >  
# 17:00:22 >  Mtimeout -timeout 60 Mserver "--config=/var/tmp/_PREFIX__GNU_32_d_--enable-debug_/etc/monet.conf" --debug=10 --set "monet_mod_path=/var/tmp/_PREFIX__GNU_32_d_--enable-debug_/lib/MonetDB" --set "gdk_dbfarm=/var/tmp/_PREFIX__GNU_32_d_--enable-debug_/var/MonetDB/dbfarm" --set "sql_logdir=/var/tmp/_PREFIX__GNU_32_d_--enable-debug_/var/MonetDB/log" --set mapi_port=46100 --set sql_port=57494 --set monet_prompt= --trace --dbname=mTests_tests_BugsViaSourgeforce  < ID.996570.milS
# 17:00:22 >  

# Monet Database Server V4.3.19
# Copyright (c) 1993-2004, CWI. All rights reserved.
# Compiled for i686-pc-linux-gnu/32bit; dynamically linked.
# Visit http://monetdb.cwi.nl/ for further information.
var a:=new(void,int);
a.insert(nil,1);
a.insert(nil,2);
a.print();
#-----------------#
# h	tmp_29	  # name
# void	int	  # type
#-----------------#
[ nil,	  1	  ]
[ nil,	  2	  ]
var b:=new(oid,int);
b.insert(3@0,3);
b.insert(4@0,4);
b.print();
#-----------------#
# h	tmp_30	  # name
# oid	int	  # type
#-----------------#
[ 3@0,	  3	  ]
[ 4@0,	  4	  ]
var c:=a.copy().access(BAT_WRITE);;
c.print();
#-----------------#
# h	tmp_28	  # name
# void	int	  # type
#-----------------#
[ nil,	  1	  ]
[ nil,	  2	  ]
var d:=c.insert(b);
d.print();
#-----------------#
# h	tmp_28	  # name
# void	int	  # type
#-----------------#
[ nil,	  1	  ]
[ nil,	  2	  ]
[ nil,	  3	  ]
[ nil,	  4	  ]
a.seqbase(0@0);
a.print();
#-----------------#
# h	tmp_29	  # name
# void	int	  # type
#-----------------#
[ 0@0,	  1	  ]
[ 1@0,	  2	  ]
c:=a.copy().access(BAT_WRITE);
c.print();
#-----------------#
# h	tmp_31	  # name
# void	int	  # type
#-----------------#
[ 0@0,	  1	  ]
[ 1@0,	  2	  ]
d:=c.insert(b);
d.print();
#-----------------#
# h	tmp_31	  # name
# oid	int	  # type
#-----------------#
[ 0@0,	  1	  ]
[ 1@0,	  2	  ]
[ 3@0,	  3	  ]
[ 4@0,	  4	  ]
b:=new(oid,int);
b.insert(2@0,3);
b.insert(4@0,4);
b.print();
#-----------------#
# h	tmp_28	  # name
# oid	int	  # type
#-----------------#
[ 2@0,	  3	  ]
[ 4@0,	  4	  ]
c:=a.copy().access(BAT_WRITE);
c.print();
#-----------------#
# h	tmp_30	  # name
# void	int	  # type
#-----------------#
[ 0@0,	  1	  ]
[ 1@0,	  2	  ]
d:=c.insert(b);
d.print();
#-----------------#
# h	tmp_30	  # name
# oid	int	  # type
#-----------------#
[ 0@0,	  1	  ]
[ 1@0,	  2	  ]
[ 2@0,	  3	  ]
[ 4@0,	  4	  ]
