stdout of test 'CTrefine_not_sorted.981374` in directory 'monetdb5/tests/BugDay_2005-10-06_4.9.3` itself:


# 12:30:48 >  
# 12:30:48 >  Mtimeout -timeout 60 Mserver "--config=/ufs/fabian/scratch/monetdb/current/program/etc/MonetDB.conf" --debug=10 --set "monet_mod_path=/ufs/fabian/scratch/monetdb/current/program/lib/MonetDB:/ufs/fabian/scratch/monetdb/current/program/lib/bin" --set "gdk_dbfarm=/ufs/fabian/scratch/monetdb/current/program/var/MonetDB/dbfarm" --set "sql_logdir=/ufs/fabian/scratch/monetdb/current/program/var/MonetDB/log" --set mapi_port=31532 --set sql_port=48185 --set xquery_port=52411 --set monet_prompt= --trace --dbname=mTests_tests_BugDay_2005-10-06_4.9.3  < radix_normal_segfault.SF-1120748.milS
# 12:30:48 >  

# MonetDB server v5.9.0, based on kernel v1.27.0
# Serving database 'mTests_tests_BugDay_2005-10-06_4.9.3', using 4 threads
# Compiled for x86_64-unknown-linux-gnu/64bit with 64bit OIDs dynamically linked
# Copyright (c) 1993-July 2008 CWI.
# Copyright (c) August 2008- MonetDB B.V., all rights reserved
# Visit http://monetdb.cwi.nl/ for further information
# Listening for connection requests on mapi:monetdb://eir.ins.cwi.nl:30579/
function user.main():void;
    var_usage := bat.new(:oid,:oid);
    bat.insert(var_usage,0@0,1@0);
    bat.insert(var_usage,1@0,1@0);
# without the next line it doesn't crash 
    var_usage0 := algebra.unique(var_usage);
    var_usage := bat.reverse(var_usage0);
    vu_vid0 := bat.reverse(var_usage);
    vu_vid1 := algebra.markT(vu_vid0,1000@0);
    vu_vid := bat.reverse(vu_vid1);
    vu_fid0 := algebra.markT(var_usage,1000@0);
    vu_fid := bat.reverse(vu_fid0);
    sorting := group.refine(vu_fid,vu_vid);
    io.print(sorting);
end main;
#-----------------#
# h	t	  # name
# oid	oid	  # type
#-----------------#
[ 1000@0, 1@0	  ]
[ 1001@0, 2@0	  ]

# 14:06:58 >  
# 14:06:58 >  Done.
# 14:06:58 >  

