stdout of test 'wlr01` in directory 'sql/test/wlcr` itself:


# 22:16:34 >  
# 22:16:34 >  "/usr/bin/python2" "wlr01.py" "wlr01"
# 22:16:34 >  

Executing: Mtimeout -timeout 60 mserver5 --debug=10 --set gdk_nr_threads=0 --set mapi_open=true --set mapi_port=36992 --set mapi_usock=/var/tmp/mtest-32142/.s.monetdb.36992 --set monet_prompt= --forcemito --dbpath=/export/scratch1/mk/wlcr//Linux/var/MonetDB/mTests_sql_test_wlcr
Executing: Mtimeout -timeout 60 mserver5 --debug=10 --set gdk_nr_threads=0 --set mapi_open=true --set monet_prompt= --forcemito --set mapi_port=34919 --set mapi_usock=/var/tmp/mtest-32142/.s.monetdb.34919 --dbpath=/export/scratch1/mk/wlcr//Linux/var/MonetDB/mTests_sql_test_wlcr-clone
Executing: Mtimeout -timeout 60 mclient -lsql -ftest -Eutf-8 -i -e --host=/var/tmp/mtest-32142 --port=34919 --database=mTests_sql_test_wlcr-clone
# MonetDB 5 server v11.26.0
# This is an unreleased version
# Serving database 'mTests_sql_test_wlcr', using 8 threads
# Compiled for x86_64-unknown-linux-gnu/64bit with 128bit integers
# Found 15.589 GiB available main-memory.
# Copyright (c) 1993-July 2008 CWI.
# Copyright (c) August 2008-2017 MonetDB B.V., all rights reserved
# Visit http://www.monetdb.org/ for further information
# Listening for connection requests on mapi:monetdb://vienna.da.cwi.nl:36992/
# Listening for UNIX domain connection requests on mapi:monetdb:///var/tmp/mtest-32142/.s.monetdb.36992
# MonetDB/GIS module loaded
# MonetDB/SQL module loaded
# MonetDB 5 server v11.26.0
# This is an unreleased version
# Serving database 'mTests_sql_test_wlcr-clone', using 8 threads
# Compiled for x86_64-unknown-linux-gnu/64bit with 128bit integers
# Found 15.589 GiB available main-memory.
# Copyright (c) 1993-July 2008 CWI.
# Copyright (c) August 2008-2017 MonetDB B.V., all rights reserved
# Visit http://www.monetdb.org/ for further information
# Listening for connection requests on mapi:monetdb://vienna.da.cwi.nl:34919/
# Listening for UNIX domain connection requests on mapi:monetdb:///var/tmp/mtest-32142/.s.monetdb.34919
# MonetDB/GIS module loaded
# MonetDB/SQL module loaded
# SQL catalog created, loading sql scripts once
# loading sql script: 09_like.sql
# loading sql script: 10_math.sql
# loading sql script: 11_times.sql
# loading sql script: 12_url.sql
# loading sql script: 13_date.sql
# loading sql script: 14_inet.sql
# loading sql script: 15_querylog.sql
# loading sql script: 16_tracelog.sql
# loading sql script: 17_temporal.sql
# loading sql script: 18_index.sql
# loading sql script: 20_vacuum.sql
# loading sql script: 21_dependency_functions.sql
# loading sql script: 22_clients.sql
# loading sql script: 23_skyserver.sql
# loading sql script: 25_debug.sql
# loading sql script: 26_sysmon.sql
# loading sql script: 27_rejects.sql
# loading sql script: 39_analytics.sql
# loading sql script: 39_analytics_hge.sql
# loading sql script: 40_geom.sql
# loading sql script: 40_json.sql
# loading sql script: 40_json_hge.sql
# loading sql script: 41_md5sum.sql
# loading sql script: 45_uuid.sql
# loading sql script: 46_gsl.sql
# loading sql script: 46_profiler.sql
# loading sql script: 51_sys_schema_extension.sql
# loading sql script: 60_wlcr.sql
# loading sql script: 72_fits.sql
# loading sql script: 74_netcdf.sql
# loading sql script: 75_lidar.sql
# loading sql script: 75_shp.sql
# loading sql script: 75_storagemodel.sql
# loading sql script: 80_statistics.sql
# loading sql script: 80_udf.sql
# loading sql script: 80_udf_hge.sql
# loading sql script: 85_bam.sql
# loading sql script: 90_generator.sql
# loading sql script: 90_generator_hge.sql
# loading sql script: 99_system.sql
#call replicate('mTests_sql_test_wlcr',true);
#wlcr.process:'/export/scratch1/mk/wlcr//Linux/var/MonetDB/mTests_sql_test_wlcr-clone/../mTests_sql_test_wlcr/master/mTests_sql_test_wlcr_000000000001' can not be accessed 
#select * from tmp;
% sys.tmp,	sys.tmp # table_name
% i,	s # name
% int,	clob # type
% 1,	5 # length
[ 1,	"hello"	]
[ 2,	"world"	]

# 22:16:35 >  
# 22:16:35 >  "Done."
# 22:16:35 >  

