stdout of test 'MapiClient_hang_on_rename.SF-852148` in directory 'tests/BugDay_2005-10-06_4.9.3` itself:


# 14:57:00 >  
# 14:57:00 >  Mtimeout -timeout 60 Mserver "--config=/ufs/niels/scratch/Linux-x86_64/etc/MonetDB.conf" --debug=10 --set "monet_mod_path=/ufs/niels/scratch/Linux-x86_64/lib/MonetDB:/ufs/niels/scratch/Linux-x86_64/lib/bin" --set "gdk_dbfarm=/ufs/niels/scratch/Linux-x86_64/var/MonetDB/dbfarm" --set "sql_logdir=/ufs/niels/scratch/Linux-x86_64/var/MonetDB/log" --set mapi_port=38737 --set sql_port=45235 --set xquery_port=57116 --set monet_prompt= --trace --dbname=mTests_tests_BugDay_2005-10-06_4.9.3  < MapiClient_hang_on_rename.SF-852148.milM
# 14:57:00 >  

# Monet Database Server V4.9.3
# Copyright (c) 1993-2005, CWI. All rights reserved.
# Compiled for x86_64-redhat-linux-gnu/64bit with 64bit OIDs; dynamically linked.
# Visit http://monetdb.cwi.nl/ for further information.
var a:= new(int,int).rename("a");
var b:= new(int,int).rename("a");
!ERROR: rename(<tmp_32>,a): operation failed
quit();

# 14:57:00 >  
# 14:57:00 >  Done.
# 14:57:00 >  

