stdout of test 'tst840` in directory 'src/mal` itself:


# 13:50:41 >  
# 13:50:41 >  Mtimeout -timeout 60  mserver5 "--config=/ufs/mk/monet5/Linux/etc/monetdb5.conf" --debug=10 --set "monet_mod_path=/ufs/mk/monet5//Linux/lib/MonetDB5:/ufs/mk/monet5//Linux/lib/MonetDB5/lib:/ufs/mk/monet5//Linux/lib/MonetDB5/bin" --set "gdk_dbfarm=/ufs/mk/monet5//Linux/var/MonetDB5/dbfarm" --set "sql_logdir=/ufs/mk/monet5//Linux/var/MonetDB5/sql_logs" --set "xquery_logdir=/ufs/mk/monet5//Linux/var/MonetDB5/xquery_logs" --set mapi_open=true --set xrpc_open=true --set mapi_port=37742 --set xrpc_port=41258 --set monet_prompt= --trace --dbname=mTests_src_mal  tst840.mal
# 13:50:41 >  

# MonetDB server v5.1.0, based on kernel v1.19.0
# Serving database 'mTests_src_mal'
# Compiled for x86_64-redhat-linux-gnu/64bit with 64bit OIDs dynamically linked
# Copyright (c) 1993-2007 CWI, all rights reserved
# Visit http://monetdb.cwi.nl/ for further information
# Listening for connection requests on mapi:monetdb://gio.ins.cwi.nl:37742/
## raw IO may screw up the front-end
#s:= "\nline1\n\
#io.printf("%s",s);
#
function user.main():void;              #  0 main:void {G}
# raw IO may screw up the front-end 
    s := " \nline1\n\nline2\n";         #  2 s:str := _3:str {G}
    io.printf("----\n");                #  3 _4:void := IOprint_str(_5:str) 
    io.printf("%s",s);                  #  4 _6:void := IOprint_formatted_str(_7:str, s:str) 
    io.printf("----\n");                #  5 _8:void := IOprint_str(_5:str) 
end main;	# 6  
----
 
line1

line2
----

# 13:50:41 >  
# 13:50:41 >  Done.
# 13:50:41 >  

