stdout of test 'predicate_selects_too_few_nodes.SF-1636588` in directory 'tests/BugTracker` itself:


# 17:16:03 >  
# 17:16:03 >  Mtimeout -timeout 180 Mserver "--config=/net/corona.ins.cwi.nl/export/scratch0/manegold/Monet/Testing/Stable/.GNU.64.64.d.--disable-optimize_--enable-debug_--enable-assert.PREFIX./MONETDB/etc/MonetDB.conf" --debug=10 --set "monet_mod_path=/net/corona.ins.cwi.nl/export/scratch0/manegold/Monet/Testing/Stable/.GNU.64.64.d.--disable-optimize_--enable-debug_--enable-assert.PREFIX./PATHFINDER/lib64/MonetDB:/net/corona.ins.cwi.nl/export/scratch0/manegold/Monet/Testing/Stable/.GNU.64.64.d.--disable-optimize_--enable-debug_--enable-assert.PREFIX./PATHFINDER/lib64/MonetDB/lib:/net/corona.ins.cwi.nl/export/scratch0/manegold/Monet/Testing/Stable/.GNU.64.64.d.--disable-optimize_--enable-debug_--enable-assert.PREFIX./MONETDB/lib64/MonetDB:/net/corona.ins.cwi.nl/export/scratch0/manegold/Monet/Testing/Stable/.GNU.64.64.d.--disable-optimize_--enable-debug_--enable-assert.PREFIX./MONETDB/lib64/MonetDB/lib:/net/corona.ins.cwi.nl/export/scratch0/manegold/Monet/Testing/Stable/.GNU.64.64.d.--disable-optimize_--enable-debug_--enable-assert.PREFIX./MONETDB/lib64/MonetDB/bin" --set "gdk_dbfarm=/net/corona.ins.cwi.nl/export/scratch0/manegold/Monet/Testing/Stable/.GNU.64.64.d.--disable-optimize_--enable-debug_--enable-assert.PREFIX./MONETDB/var/MonetDB/dbfarm" --set "sql_logdir=/net/corona.ins.cwi.nl/export/scratch0/manegold/Monet/Testing/Stable/.GNU.64.64.d.--disable-optimize_--enable-debug_--enable-assert.PREFIX./MONETDB/var/MonetDB/sql_logs" --set "xquery_logdir=/net/corona.ins.cwi.nl/export/scratch0/manegold/Monet/Testing/Stable/.GNU.64.64.d.--disable-optimize_--enable-debug_--enable-assert.PREFIX./MONETDB/var/MonetDB/xquery_logs" --set mapi_port=37299 --set monet_prompt= --trace "--dbname=mTests_tests_BugTracker" --dbinit=" module(pathfinder);" ; echo ; echo Over..
# 17:16:03 >  

# Monet Database Server V4.14.0
# Copyright (c) 1993-2007, CWI. All rights reserved.
# Compiled for x86_64-redhat-linux-gnu/64bit with 64bit OIDs; dynamically linked.
# Visit http://monetdb.cwi.nl/ for further information.

printf("\nReady.\n");

Ready.
quit();

Over..

# 17:16:04 >  
# 17:16:04 >  Mtimeout -timeout 60 MapiClient -lxquery -fxml -umonetdb -Pmonetdb --host=localhost --port=37299 predicate_selects_too_few_nodes.SF-1636588.xq
# 17:16:04 >  

<?xml version="1.0" encoding="utf-8"?>
<XQueryResult><res rank="0.99999999999999889">King Kong</res><res rank="0.99999999999999889">Die Hard: With a Vengeance</res><res rank="0.79411764705882293">Die Hard</res><res rank="0.79411764705882293">Die Hard 2</res></XQueryResult>

# 17:16:06 >  
# 17:16:06 >  Done.
# 17:16:06 >  

