stdout of test 'text` in directory 'sql/test/pg_regress` itself:


# 22:26:27 >  
# 22:26:27 >   mserver5 "--config=/export/scratch/stripe/fabian/monetdb/current/program-i86pc/etc/monetdb5.conf" --debug=10 --set gdk_nr_threads=0 --set "monet_mod_path=/export/scratch/stripe/fabian/monetdb/current/program-i86pc/lib/MonetDB5:/export/scratch/stripe/fabian/monetdb/current/program-i86pc/lib/MonetDB5/lib:/export/scratch/stripe/fabian/monetdb/current/program-i86pc/lib/MonetDB5/bin" --set "gdk_dbfarm=/export/scratch/stripe/fabian/monetdb/current/mtest-pegasus.ins.cwi.nl/sql/dbfarm"    --set mapi_open=true --set xrpc_open=true --set mapi_port=35864 --set xrpc_port=45235 --set monet_prompt= --trace  "--dbname=mTests_src_test_pg_regress" --set mal_listing=0 "--dbinit= include sql;" ; echo ; echo Over..
# 22:26:27 >  

# MonetDB server v5.13.0, based on kernel v1.31.0
# Serving database 'mTests_src_test_pg_regress', using 1 thread
# Compiled for x86_64-pc-solaris2.11/64bit with 64bit OIDs dynamically linked
# Copyright (c) 1993-July 2008 CWI.
# Copyright (c) August 2008-2009 MonetDB B.V., all rights reserved
# Visit http://monetdb.cwi.nl/ for further information
# Listening for connection requests on mapi:monetdb://pegasus.ins.cwi.nl:35864/
# MonetDB/SQL module v2.31.0 loaded

Ready.
#function user.main():void;
#    clients.quit();
#end main;


# 22:26:27 >  
# 22:26:27 >  ./text.SQL.sh text 
# 22:26:27 >  


# 22:26:27 >  
# 22:26:27 >  Mtimeout -timeout 60 mclient -lsql -umonetdb -Pmonetdb --host=pegasus --port=35864  -e < ../../../../../../../../../../mirror/fabian/monetdb/current/sql/src/test/pg_regress/Tests/../monetdb/text.sql
# 22:26:27 >  

#--
#-- TEXT
#--
#SELECT text 'this is a text string' = text 'this is a text string' AS true;
#SELECT text 'this is a text string' = text 'this is a text strin' AS false;
#CREATE TABLE TEXT_TBL (f1 text);
[ 1	]
[ 1	]
#SELECT '' AS two, * FROM TEXT_TBL;
% .L,	sys.text_tbl # table_name
% two,	f1 # name
% char,	clob # type
% 0,	17 # length
[ "",	"doh!"	]
[ "",	"hi de ho neighbor"	]

# 21:59:24 >  
# 21:59:24 >  Done.
# 21:59:24 >  

