stdout of test 'select_from_env.SF-1240701.1242164` in directory 'src/test/BugDay_2005-12-19_2.9.3` itself:


# 19:10:37 >  
# 19:10:37 >   mserver5 "--config=/ufs/manegold/_/scratch0/Monet/Testing/Current/prefix./etc/monetdb5.conf" --debug=10 --set gdk_nr_threads=0 --set "monet_mod_path=/ufs/manegold/_/scratch0/Monet/Testing/Current/prefix./lib64/MonetDB5:/ufs/manegold/_/scratch0/Monet/Testing/Current/prefix./lib64/MonetDB5/lib:/ufs/manegold/_/scratch0/Monet/Testing/Current/prefix./lib64/MonetDB5/bin" --set "gdk_dbfarm=/ufs/manegold/_/scratch0/Monet/Testing/Current/prefix./var/MonetDB5/dbfarm" --set "sql_logdir=/ufs/manegold/_/scratch0/Monet/Testing/Current/prefix./var/MonetDB5/sql_logs"  --set mapi_open=true --set xrpc_open=true --set mapi_port=33236 --set xrpc_port=46350 --set monet_prompt= --trace  "--dbname=mTests_src_test_BugDay_2005-12-19_2.9.3" --set mal_listing=0 "--dbinit= include sql;" ; echo ; echo Over..
# 19:10:37 >  

# MonetDB server v5.7.0, based on kernel v1.25.0
# Serving database 'mTests_src_test_BugDay_2005-12-19_2.9.3', using 4 threads
# Compiled for x86_64-unknown-linux-gnu/64bit with 64bit OIDs dynamically linked
# Copyright (c) 1993-July 2008 CWI.
# Copyright (c) August 2008- MonetDB B.V., all rights reserved
# Visit http://monetdb.cwi.nl/ for further information
# Listening for connection requests on mapi:monetdb://rig.ins.cwi.nl:33236/
# MonetDB/SQL module v2.25.0 loaded

Ready.
#function user.main():void;
#    clients.quit();
#end main;

Over..

# 11:51:03 >  
# 11:51:03 >  Mtimeout -timeout 60 MapiClient -lsql -umonetdb -Pmonetdb --host=localhost --port=35781  < select_from_env.SF-1240701.1242164.sql
# 11:51:03 >  

% .env # table_name
% name # name
% varchar # type
% 18 # length
[ "gdk_arch"	]
[ "gdk_version"	]
[ "prefix"	]
[ "exec_prefix"	]
[ "gdk_dbname"	]
[ "gdk_dbfarm"	]
[ "gdk_debug"	]
[ "gdk_alloc_map"	]
[ "gdk_vmtrim"	]
[ "monet_admin"	]
[ "monet_prompt"	]
[ "monet_welcome"	]
[ "monet_mod_path"	]
[ "monet_daemon"	]
[ "host"	]
[ "mapi_port"	]
[ "mapi_noheaders"	]
[ "mapi_debug"	]
[ "mapi_clients"	]
[ "sql_debug"	]
[ "standoff_ns"	]
[ "standoff_start"	]
[ "standoff_end"	]
[ "config"	]
[ "gdk_nr_threads"	]
[ "mapi_open"	]
[ "xrpc_open"	]
[ "xrpc_port"	]
[ "mal_listing"	]
[ "gdk_embedded"	]
[ "mero_msglog"	]
[ "mero_errlog"	]
[ "mero_pidfile"	]
[ "mero_controlport"	]
[ "mal_init"	]
[ "mapi_autosense"	]
[ "sql_optimizer"	]
[ "default_pipe"	]
[ "replication_pipe"	]
[ "accumulator_pipe"	]
[ "recycler_pipe"	]
[ "cracker_pipe"	]
[ "sidcrack_pipe"	]
[ "datacell_pipe"	]
[ "octopus_pipe"	]
[ "mitosis_pipe"	]
[ "datacyclotron_pipe"	]
[ "derive_pipe"	]
[ "dictionary_pipe"	]
[ "gdk_mem_pagebits"	]
[ "gdk_mem_bigsize"	]
[ "monet_pid"	]
[ "monet_version"	]

# 13:22:15 >  
# 13:22:15 >  Done.
# 13:22:15 >  

