stdout of test 'returnAncestorOrSelf` in directory 'tests/XRpc` itself:


# 12:57:49 >  
# 12:57:49 >  Mtimeout -timeout 180 Mserver "--config=/ufs/zhang/scratch/monet-dev-install/etc/MonetDB.conf" --debug=10 --set "monet_mod_path=/ufs/zhang/scratch/monet-dev-install/lib/MonetDB" --set "gdk_dbfarm=/ufs/zhang/scratch/monet-dev-install/var/MonetDB/dbfarm" --set "sql_logdir=/ufs/zhang/scratch/monet-dev-install/var/MonetDB/log" --set mapi_port=34275 --set monet_prompt= --trace "--dbname=mTests_tests_XRpc" --dbinit="module(pathfinder); pfstart();" returnAncestorOrSelf.prologue ; echo ; echo Over..
# 12:57:49 >  

# Monet Database Server V4.11.3
# Copyright (c) 1993-2006, CWI. All rights reserved.
# Compiled for x86_64-redhat-linux-gnu/64bit with 64bit OIDs; dynamically linked.
# Visit http://monetdb.cwi.nl/ for further information.

printf("\nReady.\n");

Ready.
quit();

Over..

# 12:57:49 >  
# 12:57:49 >  Mtimeout -timeout 60 MapiClient -lxquery -sxml -u monetdb -P monetdb --host=localhost --port=34275 returnAncestorOrSelf.xq
# 12:57:49 >  

<?xml version="1.0" encoding="utf-8"?>
<XQueryResult><foo>
    <hello>
    <world>
    </world>
    </hello>
</foo><foo>
    <hello>
    <world>
    </world>
    </hello>
</foo></XQueryResult>

# 12:57:50 >  
# 12:57:50 >  Done.
# 12:57:50 >  

