stdout of test 'jdbc_crashes_on_getTables.SF_944316` in directory 'src/test/BugDay_2005-10-06_2.9.3` itself:


# 12:37:33 >  
# 12:37:33 >  Mtimeout -timeout 180 Mserver "--config=/ufs/fabian/scratch/monetdb/current/program-x86_64/etc/MonetDB.conf" --debug=10 --set "monet_mod_path=/ufs/fabian/scratch/monetdb/current/program-x86_64/lib/MonetDB:/ufs/fabian/scratch/monetdb/current/program-x86_64/lib/bin" --set "gdk_dbfarm=/ufs/fabian/scratch/monetdb/current/program-x86_64/var/MonetDB/dbfarm" --set "sql_logdir=/ufs/fabian/scratch/monetdb/current/program-x86_64/var/MonetDB/log" --set mapi_port=38933 --set sql_port=45579 --set xquery_port=52530 --set monet_prompt= --trace "--dbname=mTests_src_test_BugDay_2005-10-06_2.9.3" --dbinit="module(sql_server); sql_server_start();" ; echo ; echo Over..
# 12:37:33 >  

# Monet Database Server V4.9.3
# Copyright (c) 1993-2005, CWI. All rights reserved.
# Compiled for x86_64-redhat-linux-gnu/64bit with 64bit OIDs; dynamically linked.
# Visit http://monetdb.cwi.nl/ for further information.

printf("\nReady.\n");

Ready.
quit();

Over..

# 11:50:18 >  
# 11:50:18 >  Mtimeout -timeout 60 MapiClient -lsql -umonetdb -Pmonetdb --host=localhost --port=35781  < jdbc_crashes_on_getTables.SF_944316.sql
# 11:50:18 >  

% .tables,	sys.tables,	sys.tables,	.tables,	.tables,	.tables,	.tables,	.tables,	.tables,	.tables # table_name
% TABLE_CAT,	TABLE_SCHEM,	TABLE_NAME,	TABLE_TYPE,	REMARKS,	TYPE_CAT,	TYPE_SCHEM,	TYPE_NAME,	SELF_REFERENCING_COL_NAME,	REF_GENERATION # name
% char,	varchar,	varchar,	char,	char,	char,	char,	char,	char,	char # type
% 0,	0,	0,	12,	0,	0,	0,	0,	2,	6 # length

# 11:50:19 >  
# 11:50:19 >  Done.
# 11:50:19 >  

