stdout of test 'no.035` in directory 'monetdb5/tests/BugReports` itself:


# 13:14:58 >  
# 13:14:58 >  Mtimeout -timeout 60 Mserver "--config=/ufs/sjoerd/src/MonetDB/monet-merge/build/conf/monet.conf" --debug=10 --set "monet_mod_path=/ufs/sjoerd/src/MonetDB/monet-merge/build/src/modules/plain/.libs:/ufs/sjoerd/src/MonetDB/monet-merge/build/src/modules/contrib/.libs:/ufs/sjoerd/src/MonetDB/monet-merge/build/src/modules/calibrator/.libs:/ufs/sjoerd/src/MonetDB/monet-merge/build/src/mapi/.libs" --set "gdk_dbfarm=/ufs/sjoerd/src/MonetDB/monet-merge/build/dbfarm" --set "sql_logdir=/ufs/sjoerd/src/MonetDB/monet-merge/build/log" --set mapi_port=59517 --set sql_port=56441 --set monet_prompt= --trace --dbname=mTests_tests_BugReports  < no.035.milS
# 13:14:58 >  

# Monet Database Server V4.3.11
# Copyright (c) 1993-2004, CWI. All rights reserved.
# compiled for i686-pc-linux-gnu/32bit; dynamically linked.
# >Number:         35
# >Category:       Monet_SGI
# >Synopsis:       BATloop semantics
# >Confidential:   no
# >Severity:       serious
# >Priority:       high
# >Responsible:    mk
# >State:          feedback
# >Class:          sw-bug
# >Submitter-Id:   unknown
# >Arrival-Date:   Tue Sep 30 20:45:03 1997
# >Originator:     mk
# >Organization:
# >Release:        970101
# >Environment:
# SGI
# >Description:
# Since yesterday the semantics has changed?
# > b:= view_bbp_name;
# > b@batloop(){ printf("%s\n",$t);}
# !ERROR: interpret: no matching iterator to 'batloop(bat[int,str], ptr)'.

var b:= view_bbp_name();
b@batloop(){ printf("%s\n",$t);}
monet_environment
monet_fcn_fcn
monet_fcn_imp
monet_fcn_tpe
monet_fcn_mid
monet_fcn_sig
monet_fcn_dsc
monet_fcn_aut
monet_fcn_dat
monet_fcn_nme
monet_fcn_pro
monet_fcn_cnt
monet_mod_nme
monet_mod_cnt
monet_mod_atm
monet_mod_acc
monet_mod_hdl
monet_mod_dep
monet_mod_use
monet_mod_load
monet_mod_drop
monet_mod_proc
monet_mod_var
adm_fcntbl
adm_acctbl
adm_atomtbl
monet_unicode_case

# 13:14:58 >  
# 13:14:58 >  Done.
# 13:14:58 >  

