stdout of test 'mmath_nan` in directory 'src/modules/plain` itself:


# 16:12:10 >  
# 16:12:10 >  Mtimeout -timeout 60 Mserver "--config=/var/tmp/_PREFIX_MONET_GNU_32_d__/etc/monet.conf" --debug=10 --set "monet_mod_path=/var/tmp/_PREFIX_MONET_GNU_32_d__/lib/MonetDB" --dbfarm "/var/tmp/_PREFIX_MONET_GNU_32_d__/var/dbfarm" --set monet_prompt= --trace --dbname=mTests_src_modules_plain  < mmath_nan.milM
# 16:12:10 >  

# Monet Database Server V4.3.9
# Copyright (c) 1993-2004, CWI. All rights reserved.
# compiled for i686-pc-linux-gnu/32bit; dynamically linked.
module("mmath");
log(-1.0LL).print();
!ERROR: Negative argument is not allowed
!ERROR: math_unary_LOG: operation failed.
!ERROR: interpret_params: print(param 1): evaluation error.
(log(-1.0LL)=log(-1.0LL)).print();
!ERROR: Negative argument is not allowed
!ERROR: math_unary_LOG: operation failed.
!ERROR: interpret_params: =(param 1): evaluation error.
!ERROR: interpret_params: print(param 1): evaluation error.
isnan(log(-1.0LL)).print();
!ERROR: Negative argument is not allowed
!ERROR: math_unary_LOG: operation failed.
!ERROR: interpret_params: isnan(param 1): evaluation error.
!ERROR: interpret_params: print(param 1): evaluation error.
quit();

# 10:26:23 >  
# 10:26:23 >  Done.
# 10:26:23 >  

